// Vitest Snapshot v1

exports[`The Dashboard Route > prioritises the givenName over name 1`] = `
<DocumentFragment>
  <div>
    dashboard.for
    <br />
  </div>
</DocumentFragment>
`;

exports[`The Dashboard Route > prioritises the nickname over anything 1`] = `
<DocumentFragment>
  <div>
    dashboard.for
    <br />
  </div>
</DocumentFragment>
`;

exports[`The Dashboard Route > uses the name if nothing else is present 1`] = `
<DocumentFragment>
  <div>
    dashboard.for
    <br />
  </div>
</DocumentFragment>
`;
