// Vitest Snapshot v1

exports[`contentSecurityPolicy > in dev mode 1`] = `"default-src 'self'; worker-src blob:; script-src 'self' 'unsafe-inline' https://api-eu.mixpanel.com https://api.mixpanel.com https://*.hotjar.com https://*.hotjar.io; connect-src 'self' 'unsafe-inline' https://api-eu.mixpanel.com https://api.mixpanel.com wss://*.hotjar.com https://*.hotjar.com https://*.hotjar.io ws://localhost:2222 ws://localhost:8002; img-src https: data: http:; frame-ancestors 'none'; frame-src https://api-eu.mixpanel.com https://api.mixpanel.com https://*.hotjar.com https://*.hotjar.io; style-src 'self' 'unsafe-inline';"`;

exports[`contentSecurityPolicy > in prod mode 1`] = `"default-src 'self'; worker-src blob:; script-src 'self' 'unsafe-inline' https://api-eu.mixpanel.com https://api.mixpanel.com https://*.hotjar.com https://*.hotjar.io; connect-src 'self' 'unsafe-inline' https://api-eu.mixpanel.com https://api.mixpanel.com wss://*.hotjar.com https://*.hotjar.com https://*.hotjar.io  ; img-src https: data: http:; frame-ancestors 'none'; frame-src https://api-eu.mixpanel.com https://api.mixpanel.com https://*.hotjar.com https://*.hotjar.io; style-src 'self' 'unsafe-inline';"`;
