// Vitest Snapshot v1, https://vitest.dev/guide/snapshot.html

exports[`contentSecurityPolicy > in dev mode 1`] = `"default-src 'self'; worker-src blob:; script-src 'self' 'unsafe-inline' https://*.cookieyes.com https://cdn-cookieyes.com https://*.mixpanel.com https://*.hotjar.com https://*.hotjar.io; connect-src 'self' 'unsafe-inline' https://*.mixpanel.com https://*.cookieyes.com https://cdn-cookieyes.com wss://*.hotjar.com https://*.hotjar.com https://*.hotjar.io ws://localhost:2222 ws://localhost:8002; img-src https: data: http:; frame-ancestors 'none'; frame-src https://*.mixpanel.com https://*.cookieyes.com https://cdn-cookieyes.com https://*.hotjar.com https://*.hotjar.io; style-src 'unsafe-inline' 'self';"`;

exports[`contentSecurityPolicy > in prod mode 1`] = `"default-src 'self'; worker-src blob:; script-src 'self' 'unsafe-inline' https://*.cookieyes.com https://cdn-cookieyes.com https://*.mixpanel.com https://*.hotjar.com https://*.hotjar.io; connect-src 'self' 'unsafe-inline' https://*.mixpanel.com https://*.cookieyes.com https://cdn-cookieyes.com wss://*.hotjar.com https://*.hotjar.com https://*.hotjar.io  ; img-src https: data: http:; frame-ancestors 'none'; frame-src https://*.mixpanel.com https://*.cookieyes.com https://cdn-cookieyes.com https://*.hotjar.com https://*.hotjar.io; style-src 'unsafe-inline' 'self';"`;
