// Vitest Snapshot v1, https://vitest.dev/guide/snapshot.html

exports[`securityHeaders > sets the correct security headers 1`] = `
{
  "content-security-policy": "script-src 'nonce-noncevalue' 'strict-dynamic'; object-src 'none'; base-uri 'none';",
  "cross-origin-embedder-policy": "same-origin",
  "cross-origin-opener-policy": "same-origin",
  "cross-origin-resource-policy": "same-origin",
  "origin-agent-cluster": "?1",
  "permissions-policy": "accelerometer=(), camera=(), geolocation=(), gyroscope=(), magnetometer=(), microphone=(), payment=(), usb=()",
  "referrer-policy": "origin-when-cross-origin",
  "strict-transport-security": "max-age=31536000; includeSubDomains",
  "x-content-type-options": "nosniff",
  "x-dns-prefetch-control": "off",
  "x-download-options": "noopen",
  "x-frame-options": "SAMEORIGIN",
  "x-permitted-cross-domain-policies": "none",
  "x-xss-protection": "0",
}
`;
