// Vitest Snapshot v1

exports[`StaticContent > should wrap with div by default 1`] = `
<div>
  <div
    title="some div"
  >
    div content
  </div>
</div>
`;

exports[`StaticContent > should wrap with given element 1`] = `
<div>
  <script
    async=""
    nonce="example-nonce"
  >
    alert("hello world")
  </script>
</div>
`;

exports[`StaticContent > should wrap with given element 2`] = `
<div>
  <script
    async=""
    nonce="example-nonce"
  >
    alert("hello world")
  </script>
</div>
`;
